Processed prompts:  93%|█████████▎| 278/300 [00:41<00:02,  9.65it/s, est. speed input: 1668.77 toks/s, output: 1411.88 toks/s]
Processed prompts:  93%|█████████▎| 280/300 [00:41<00:02,  6.74it/s, est. speed input: 1649.76 toks/s, output: 1425.78 toks/s]
Processed prompts:  94%|█████████▍| 282/300 [00:43<00:06,  2.96it/s, est. speed input: 1590.34 toks/s, output: 1406.37 toks/s]
Processed prompts:  94%|█████████▍| 283/300 [00:43<00:05,  3.10it/s, est. speed input: 1581.34 toks/s, output: 1414.89 toks/s]
Processed prompts:  95%|█████████▍| 284/300 [00:44<00:05,  2.75it/s, est. speed input: 1581.56 toks/s, output: 1415.33 toks/s]
Processed prompts:  95%|█████████▌| 285/300 [00:44<00:04,  3.15it/s, est. speed input: 1577.26 toks/s, output: 1427.73 toks/s]
Processed prompts:  96%|█████████▌| 287/300 [00:45<00:04,  2.73it/s, est. speed input: 1547.04 toks/s, output: 1434.46 toks/s]
Processed prompts:  96%|█████████▌| 288/300 [00:45<00:04,  2.90it/s, est. speed input: 1538.87 toks/s, output: 1444.18 toks/s]
Processed prompts:  96%|█████████▋| 289/300 [00:45<00:03,  3.37it/s, est. speed input: 1541.69 toks/s, output: 1457.53 toks/s]
Processed prompts:  97%|█████████▋| 290/300 [00:46<00:02,  3.44it/s, est. speed input: 1541.34 toks/s, output: 1467.33 toks/s]
Processed prompts:  97%|█████████▋| 291/300 [00:46<00:02,  3.67it/s, est. speed input: 1534.16 toks/s, output: 1478.69 toks/s]
Processed prompts:  97%|█████████▋| 292/300 [00:46<00:02,  3.96it/s, est. speed input: 1529.73 toks/s, output: 1491.06 toks/s]
Processed prompts:  98%|█████████▊| 293/300 [00:46<00:01,  4.35it/s, est. speed input: 1527.69 toks/s, output: 1504.32 toks/s]
Processed prompts:  98%|█████████▊| 294/300 [00:46<00:01,  5.07it/s, est. speed input: 1544.65 toks/s, output: 1519.54 toks/s]
Processed prompts:  99%|█████████▊| 296/300 [00:47<00:00,  4.78it/s, est. speed input: 1538.82 toks/s, output: 1543.41 toks/s]
Processed prompts:  99%|█████████▉| 297/300 [00:47<00:00,  3.51it/s, est. speed input: 1522.79 toks/s, output: 1546.62 toks/s]
Processed prompts:  99%|█████████▉| 298/300 [00:47<00:00,  3.83it/s, est. speed input: 1517.24 toks/s, output: 1560.64 toks/s]
Processed prompts: 100%|██████████| 300/300 [00:48<00:00,  4.39it/s, est. speed input: 1509.26 toks/s, output: 1589.86 toks/s]
Processed prompts: 100%|██████████| 300/300 [00:48<00:00,  4.39it/s, est. speed input: 1509.26 toks/s, output: 1589.86 toks/s]
Processed prompts: 100%|██████████| 300/300 [00:48<00:00,  6.21it/s, est. speed input: 1509.26 toks/s, output: 1589.86 toks/s]