Processed prompts:  93%|█████████▎| 280/300 [00:39<00:02,  7.12it/s, est. speed input: 1739.94 toks/s, output: 1503.72 toks/s]
Processed prompts:  94%|█████████▍| 282/300 [00:41<00:05,  3.18it/s, est. speed input: 1678.69 toks/s, output: 1484.50 toks/s]
Processed prompts:  94%|█████████▍| 283/300 [00:41<00:05,  3.27it/s, est. speed input: 1668.27 toks/s, output: 1492.67 toks/s]
Processed prompts:  95%|█████████▍| 284/300 [00:42<00:05,  2.91it/s, est. speed input: 1668.52 toks/s, output: 1493.15 toks/s]
Processed prompts:  95%|█████████▌| 285/300 [00:42<00:04,  3.39it/s, est. speed input: 1664.20 toks/s, output: 1506.99 toks/s]
Processed prompts:  96%|█████████▌| 287/300 [00:43<00:04,  2.87it/s, est. speed input: 1632.18 toks/s, output: 1513.40 toks/s]
Processed prompts:  96%|█████████▌| 288/300 [00:43<00:03,  3.06it/s, est. speed input: 1623.61 toks/s, output: 1523.71 toks/s]
Processed prompts:  96%|█████████▋| 289/300 [00:43<00:03,  3.55it/s, est. speed input: 1626.55 toks/s, output: 1537.76 toks/s]
Processed prompts:  97%|█████████▋| 290/300 [00:43<00:02,  3.70it/s, est. speed input: 1626.98 toks/s, output: 1548.86 toks/s]
Processed prompts:  97%|█████████▋| 291/300 [00:43<00:02,  3.93it/s, est. speed input: 1619.45 toks/s, output: 1560.90 toks/s]
Processed prompts:  97%|█████████▋| 292/300 [00:44<00:01,  4.15it/s, est. speed input: 1614.17 toks/s, output: 1573.37 toks/s]
Processed prompts:  98%|█████████▊| 293/300 [00:44<00:01,  4.66it/s, est. speed input: 1612.60 toks/s, output: 1587.92 toks/s]
Processed prompts:  98%|█████████▊| 294/300 [00:44<00:01,  5.42it/s, est. speed input: 1630.50 toks/s, output: 1603.99 toks/s]
Processed prompts:  99%|█████████▊| 296/300 [00:44<00:00,  5.03it/s, est. speed input: 1624.08 toks/s, output: 1628.92 toks/s]
Processed prompts:  99%|█████████▉| 297/300 [00:45<00:00,  3.69it/s, est. speed input: 1606.97 toks/s, output: 1632.11 toks/s]
Processed prompts:  99%|█████████▉| 298/300 [00:45<00:00,  4.06it/s, est. speed input: 1601.44 toks/s, output: 1647.25 toks/s]
Processed prompts: 100%|█████████▉| 299/300 [00:45<00:00,  4.79it/s, est. speed input: 1598.72 toks/s, output: 1664.85 toks/s]
Processed prompts: 100%|██████████| 300/300 [00:45<00:00,  4.49it/s, est. speed input: 1592.28 toks/s, output: 1677.31 toks/s]
Processed prompts: 100%|██████████| 300/300 [00:45<00:00,  4.49it/s, est. speed input: 1592.28 toks/s, output: 1677.31 toks/s]
Processed prompts: 100%|██████████| 300/300 [00:45<00:00,  6.55it/s, est. speed input: 1592.28 toks/s, output: 1677.31 toks/s]